1
((((((((((((((4 1) 1) 6) 4) 7) 6) 1) 2) 1) 4) 7) 6) 6) 1)
