1
(((((((((((((((((((((((((((((((((((((((((((((((((((((((((((((((((((((((((((((((((((((((((((((((((((((((((((((((((((((((((((((((((((((((((((((((((((((((((((((((((((((((((((((((((((((((((((((((((((((((((((((((((((((((((((((((((((((((((((((((((((((((((((((((((((((((((((((((((((((((((((((((((((((14 2) 3) 3) 6) 14) 1) 5) 11) 15) 12) 7) 12) 5) 2) 8) 10) 4) 2) 5) 7) 8) 7) 14) 4) 7) 14) 14) 12) 3) 5) 7) 8) 12) 1) 5) 6) 6) 1) 3) 11) 11) 14) 1) 6) 10) 1) 13) 6) 2) 1) 10) 4) 12) 3) 9) 2) 1) 10) 5) 1) 10) 4) 6) 2) 9) 9) 2) 9) 7) 1) 12) 15) 2) 3) 9) 5) 5) 8) 6) 3) 7) 14) 9) 2) 1) 9) 10) 4) 3) 4) 12) 11) 4) 2) 3) 10) 9) 1) 4) 1) 12) 14) 15) 11) 7) 14) 7) 13) 10) 5) 12) 8) 8) 10) 2) 2) 6) 6) 3) 1) 8) 10) 2) 13) 15) 14) 14) 8) 10) 8) 7) 14) 4) 5) 8) 10) 7) 9) 8) 1) 6) 5) 3) 10) 5) 8) 13) 2) 12) 12) 10) 5) 11) 10) 11) 8) 4) 4) 12) 11) 6) 3) 13) 6) 1) 11) 15) 2) 1) 11) 6) 8) 4) 1) 10) 10) 5) 11) 14) 13) 9) 14) 5) 8) 12) 1) 12) 6) 7) 4) 12) 11) 12) 2) 5) 4) 1) 9) 1) 7) 4) 6) 15) 9) 15) 15) 14) 15) 8) 1) 4) 9) 15) 6) 9) 1) 5) 3) 6) 13) 4) 4) 6) 10) 12) 6) 3) 12) 11) 2) 13) 4) 5) 6) 8) 5) 11) 6) 4) 1) 1) 12) 15) 5) 7) 12) 8) 12) 12) 6) 14) 5) 13) 4) 14) 2) 12) 8) 5) 10) 5) 8) 5) 2) 6) 9) 8) 14) 11) 10) 8) 15) 12) 5) 2) 13) (10 4)) 11) ((2 14) 9)) 10) 13) 6) 6) 12) 2) 5) 10) 2) (3 10)) (3 11)) 7) 8) (3 14))
