1
((((((((((((((((((((((((9 1) 2) 1) 2) 3) 8) 9) 2) 7) 5) 3) 1) 6) 8) 2) 1) 2) 4) 3) 9) 6) 8) 8) 2)
