1
((((((((((((((((((3 (2 1)) (4 1)) 7) 2) 4) 4) 1) 7) 1) 1) 3) 1) 3) 7) 6) (7 3)) 3) ((5 (7 6)) 2))
