1
(((((((((((((((((((((((((((((((((((((((((((((9 5) 6) 14) 12) 3) 14) 11) 6) 8) 4) 11) 2) 8) 12) 2) 5) 9) 7) 10) 8) 8) 13) 6) 3) 11) 15) 5) ((15 4) 5)) 10) 1) (3 2)) 15) 8) 7) 10) (3 2)) 7) 8) 10) 15) 1) 13) 6) 4) 10)
